✅ PostgreSQL Connected via Prisma
prisma:query SELECT COUNT(*) AS "_count$_all" FROM (SELECT "public"."users"."id" FROM "public"."users" WHERE 1=1 OFFSET $1) AS "sub"
📊 User count: 0
prisma:query SELECT COUNT(*) AS "_count$_all" FROM (SELECT "public"."restaurants"."id" FROM "public"."restaurants" WHERE 1=1 OFFSET $1) AS "sub"
📊 Restaurant count: 0
prisma:query SELECT COUNT(*) AS "_count$_all" FROM (SELECT "public"."orders"."id" FROM "public"."orders" WHERE 1=1 OFFSET $1) AS "sub"
📊 Order count: 0

✅ All Prisma models working correctly!
🎉 Step 2 Complete: Database schema is ready

📋 Next Step: Run data migration from MongoDB
